<?xml version="1.0" encoding="utf-8"?><testsuites name="pytest tests"><testsuite name="pytest" errors="0" failures="0" skipped="0" tests="40" time="2.912" timestamp="2026-01-21T15:53:07.328223+00:00" hostname="devbox"><testcase classname="tests.test_builders" name="test_contrast_color_valid_hex[#FFFFFF-#000000]" file="tests/test_builders.py" line="295" time="0.004" /><testcase classname="tests.test_builders" name="test_graph_title_with_name" file="tests/test_builders.py" line="349" time="0.005" /><testcase classname="tests.test_formatters" name="test_html_with_title" file="tests/test_formatters.py" line="50" time="0.005" /><testcase classname="tests.test_formatters" name="test_markdown" file="tests/test_formatters.py" line="3" time="0.004" /><testcase classname="tests.test_builders" name="test_contrast_color_invalid_hex[None]" file="tests/test_builders.py" line="316" time="0.002" /><testcase classname="tests.test_formatters" name="test_html_without_title" file="tests/test_formatters.py" line="14" time="0.005" /><testcase classname="tests.test_builders" name="test_contrast_color_invalid_hex[FFFFFF]" file="tests/test_builders.py" line="316" time="0.002" /><testcase classname="tests.test_builders" name="test_build_graph_without_title" file="tests/test_builders.py" line="230" time="0.002" /><testcase classname="tests.test_builders" name="test_build_graph_with_custom_theme" file="tests/test_builders.py" line="202" time="0.002" /><testcase classname="tests.test_builders" name="test_build_graph_with_node_colors" file="tests/test_builders.py" line="130" time="0.003" /><testcase classname="tests.test_builders" name="test_contrast_color_invalid_hex[123456]" file="tests/test_builders.py" line="316" time="0.002" /><testcase classname="tests.test_builders" name="test_contrast_color_valid_hex[#FF0000-#ffffff]" file="tests/test_builders.py" line="295" time="0.002" /><testcase classname="tests.test_builders" name="test_contrast_color_valid_hex[#000000-#ffffff]" file="tests/test_builders.py" line="295" time="0.002" /><testcase classname="tests.test_builders" name="test_build_graph_with_custom_look" file="tests/test_builders.py" line="188" time="0.001" /><testcase classname="tests.test_builders" name="test_build_graph_with_custom_layout" file="tests/test_builders.py" line="174" time="0.001" /><testcase classname="tests.test_builders" name="test_build_simple_graph" file="tests/test_builders.py" line="70" time="0.003" /><testcase classname="tests.test_builders" name="test_node_style_with_color" file="tests/test_builders.py" line="327" time="0.001" /><testcase classname="tests.test_builders" name="test_build_graph_with_node_labels" file="tests/test_builders.py" line="86" time="0.001" /><testcase classname="tests.test_builders" name="test_build_graph_with_empty_title_overwrite" file="tests/test_builders.py" line="259" time="0.001" /><testcase classname="tests.test_builders" name="test_node_style_without_color" file="tests/test_builders.py" line="338" time="0.001" /><testcase classname="tests.test_builders" name="test_contrast_color_valid_hex[#0000FF-#ffffff]" file="tests/test_builders.py" line="295" time="0.002" /><testcase classname="tests.test_builders" name="test_build_empty_graph" file="tests/test_builders.py" line="58" time="0.001" /><testcase classname="tests.test_builders" name="test_build_graph_with_title_overwrite" file="tests/test_builders.py" line="244" time="0.001" /><testcase classname="tests.test_builders" name="test_build_graph_with_edge_labels" file="tests/test_builders.py" line="103" time="0.001" /><testcase classname="tests.test_builders" name="test_contrast_color_valid_hex[#00FF00-#ffffff]" file="tests/test_builders.py" line="295" time="0.002" /><testcase classname="tests.test_builders" name="test_edge_label_without_label" file="tests/test_builders.py" line="284" time="0.001" /><testcase classname="tests.test_builders" name="test_build_graph_with_custom_orientation" file="tests/test_builders.py" line="160" time="0.001" /><testcase classname="tests.test_builders" name="test_default_initialization" file="tests/test_builders.py" line="16" time="0.001" /><testcase classname="tests.test_builders" name="test_contrast_color_valid_hex[#ABCDEF-#000000]" file="tests/test_builders.py" line="295" time="0.002" /><testcase classname="tests.test_builders" name="test_invalid_orientation_type" file="tests/test_builders.py" line="46" time="0.001" /><testcase classname="tests.test_builders" name="test_build_graph_without_edge_labels" file="tests/test_builders.py" line="116" time="0.001" /><testcase classname="tests.test_builders" name="test_custom_initialization" file="tests/test_builders.py" line="28" time="0.001" /><testcase classname="tests.test_builders" name="test_invalid_node_shape_type" file="tests/test_builders.py" line="52" time="0.001" /><testcase classname="tests.test_builders" name="test_contrast_color_invalid_hex[#FFFFF]" file="tests/test_builders.py" line="316" time="0.001" /><testcase classname="tests.test_builders" name="test_build_graph_with_title" file="tests/test_builders.py" line="216" time="0.001" /><testcase classname="tests.test_builders" name="test_build_graph_with_custom_node_shape" file="tests/test_builders.py" line="146" time="0.002" /><testcase classname="tests.test_builders" name="test_contrast_color_invalid_hex[#GGGGGG]" file="tests/test_builders.py" line="316" time="0.002" /><testcase classname="tests.test_builders" name="test_edge_label_with_label" file="tests/test_builders.py" line="273" time="0.002" /><testcase classname="tests.test_builders" name="test_graph_title_without_name" file="tests/test_builders.py" line="360" time="0.003" /><testcase classname="tests.test_builders" name="test_contrast_color_valid_hex[#123456-#ffffff]" file="tests/test_builders.py" line="295" time="0.004" /></testsuite></testsuites>